<html>
<body>
<pre>
<h1>µVision Build Log</h1>
<h2>Tool Versions:</h2>
IDE-Version: ¦ÌVision V5.35.0.0
Copyright (C) 2021 ARM Ltd and ARM Germany GmbH. All rights reserved.
License Information: Z,  , LIC=FYKYW-QS630-305NC-7TW9U-CTL5N-873A9
 
Tool Versions:
Toolchain:       MDK-ARM Plus  Version: 5.35.0.2
Toolchain Path:  C:\Keil_v5\ARM\ARMCC\Bin
C Compiler:      Armcc.exe V5.06 update 7 (build 960)
Assembler:       Armasm.exe V5.06 update 7 (build 960)
Linker/Locator:  ArmLink.exe V5.06 update 7 (build 960)
Library Manager: ArmAr.exe V5.06 update 7 (build 960)
Hex Converter:   FromElf.exe V5.06 update 7 (build 960)
CPU DLL:         SARMCM3.DLL V5.35.0.2
Dialog DLL:      DCM.DLL V1.17.3.0
Target DLL:      Segger\JL2CM3.dll V2.99.40.0
Dialog DLL:      TCM.DLL V1.53.0.0
 
<h2>Project:</h2>
C:\Users\Z\Desktop\RM\HERO\NEW_LONG_SHOOT_GIMBAL\MDK-ARM\NEW_INFANTRY.uvprojx
Project File Date:  07/24/2024

<h2>Output:</h2>
*** Using Compiler 'V5.06 update 7 (build 960)', folder: 'C:\Keil_v5\ARM\ARMCC\Bin'
Build target 'NEW_INFANTRY'
Note: source file '..\ACE-ECF\Application\src\IMU_Driver\user_lib.c' - object file renamed from 'NEW_INFANTRY\user_lib.o' to 'NEW_INFANTRY\user_lib_1.o'.
compiling robot_cmd.c...
../ACE-ECF/Control/Inc/robot_cmd.h(154): warning:  #1295-D: Deprecated declaration get_fire_ready - give arg types
  uint8_t get_fire_ready();
../ACE-ECF/Control/Inc/robot_cmd.h(155): warning:  #1295-D: Deprecated declaration get_Gimbal_pitch_point - give arg types
  fp32* get_Gimbal_pitch_point();
../ACE-ECF/Control/Inc/robot_cmd.h(156): warning:  #1295-D: Deprecated declaration get_Gimbal_yaw_point - give arg types
  fp32* get_Gimbal_yaw_point();
../ACE-ECF/Control/Inc/robot_cmd.h(161): warning:  #1295-D: Deprecated declaration get_gimbal_behaviour_point - give arg types
  Gimbal_Work_State_e* get_gimbal_behaviour_point();
../ACE-ECF/Application/inc/safe_task.h(35): warning:  #1-D: last line of file ends without a newline
  #endif
..\ACE-ECF\Control\Src\robot_cmd.c(647): warning:  #177-D: variable "p"  was declared but never referenced
      static fp32 p = 0;
..\ACE-ECF\Control\Src\robot_cmd.c(778): warning:  #550-D: variable "Last_Gimbal_Work_State"  was set but never used
      static Gimbal_Work_State_e Last_Gimbal_Work_State = MANUAL;
..\ACE-ECF\Control\Src\robot_cmd.c(891): warning:  #188-D: enumerated type mixed with another type
      return Gimbal_CMD.Gimbal_Work_State == AUTO_ATTACK? 1 : 0;
..\ACE-ECF\Control\Src\robot_cmd.c(895): warning:  #188-D: enumerated type mixed with another type
      return Gimbal_CMD.Gimbal_Work_State == AUTO_Delay_Fire? 1 : 0;
..\ACE-ECF\Control\Src\robot_cmd.c(251): warning:  #550-D: variable "ins"  was set but never used
  static const INS_t       *ins;
..\ACE-ECF\Control\Src\robot_cmd.c: 10 warnings, 0 errors
linking...
Program Size: Code=97340 RO-data=7900 RW-data=3856 ZI-data=57592  
FromELF: creating hex file...
"NEW_INFANTRY\NEW_INFANTRY.axf" - 0 Error(s), 10 Warning(s).

<h2>Software Packages used:</h2>

Package Vendor: ARM
                http://www.keil.com/pack/ARM.CMSIS.5.9.0.pack
                ARM.CMSIS.5.9.0
                CMSIS (Common Microcontroller Software Interface Standard)
   * Component: CORE Version: 5.6.0

Package Vendor: Keil
                https://www.keil.com/pack/Keil.STM32F4xx_DFP.2.17.1.pack
                Keil.STM32F4xx_DFP.2.17.1
                STMicroelectronics STM32F4 Series Device Support, Drivers and Examples

<h2>Collection of Component include folders:</h2>
  .\RTE\_NEW_INFANTRY
  C:\Users\Z\Desktop\ARM\CMSIS\5.9.0\CMSIS\Core\Include
  C:\Users\Z\Desktop\Keil\STM32F4xx_DFP\2.17.1\Drivers\CMSIS\Device\ST\STM32F4xx\Include

<h2>Collection of Component Files used:</h2>

   * Component: ARM::CMSIS:CORE:5.6.0
      Include file:  CMSIS\Core\Include\tz_context.h
Build Time Elapsed:  00:00:09
</pre>
</body>
</html>
